// Jest Snapshot v1, https://goo.gl/fbAQLP

exports[`server answers connections 1`] = `"Syntax Error: Unexpected Name \\"HIYA\\".: {\\"response\\":{\\"errors\\":[{\\"message\\":\\"Syntax Error: Unexpected Name \\\\\\"HIYA\\\\\\".\\",\\"locations\\":[{\\"line\\":1,\\"column\\":1}],\\"extensions\\":{\\"code\\":\\"GRAPHQL_PARSE_FAILED\\"}}],\\"status\\":400},\\"request\\":{\\"query\\":\\"HIYA\\"}}"`;
